"id","col-true-null","col-true-empty-string","col-true-string","col-true-zero-value"
"1","1","2","3","4"
"2","0","0","0","0"
"3","","","",""