"id","col-true-null","col-true-empty-string","col-true-string"
"1","Test sloupecku null-null","Test sloupecku true-null","Test sloupecku true-empty-string"
"2","","",""
